// Jest Snapshot v1, https://goo.gl/fbAQLP

exports[`App should render without crashing 1`] = `
Array [
  <div
    className="Toastify"
  />,
  <div>
    <div
      className="wrapper"
    >
      <div
        className="welcome"
      >
        <div
          className="report"
        >
          <h1>
            <a
              className="logo"
              href="/"
            >
              iReporter!
            </a>
          </h1>
        </div>
        <p>
          <em>
            Breaking the corruption chain together
          </em>
        </p>
        <p>
          <em>
            login to report an incident
          </em>
        </p>
        <p>
          <a
            className="cat-btn"
            href="login"
          >
            login
          </a>
        </p>
        <h3>
          <a
            href="signup"
          >
            SignUp here
          </a>
        </h3>
      </div>
    </div>
  </div>,
]
`;
